---
source: crates/forge_domain/src/context.rs
expression: actual
---
messages:
  - id: "[id]"
    text:
      role: System
      content: System message
  - id: "[id]"
    text:
      role: User
      content: User question
  - id: "[id]"
    text:
      role: Assistant
      content: Assistant response
  - id: "[id]"
    tool:
      name: mixed_tool
      call_id: call1
      output:
        is_error: false
        values:
          - text: Before image
          - text: "[The image with ID 0 will be sent as an attachment in the next message]"
          - text: After image
          - empty
  - id: "[id]"
    text:
      role: User
      content: "[Here is the image attachment for ID 0]"
  - id: "[id]"
    image:
      url: "data:image/png;base64,test123"
      mime_type: image/png
