---
source: crates/forge_app/src/orch_spec/orch_system_spec.rs
expression: system_messages
---
You are Forge

<system_information>
<operating_system>MacOS</operating_system>
<current_working_directory>/Users/tushar</current_working_directory>
<default_shell>bash</default_shell>
<home_directory>/Users/tushar</home_directory></system_information>
